
> expo-app@1.0.0 start-backend
> tsx backend/index.ts

Server is running on http://localhost:3000
[OTP MOCK] +233 054362272: 198491
[OTP MOCK] +233 0543692272: 206299
[OTP MOCK] +233 0543692272: 658770
[OTP MOCK] +2330543692272: 626300
[OTP MOCK] +2330241234567: 603807
[OTP MOCK] 0241234567: 382627
[OTP MOCK] 0241234567: 569663
[OTP MOCK] 0241234567: 758728
[OTP MOCK] 0241234567: 397763
[OTP MOCK] 0241234567: 434633
[OTP MOCK] 0241234567: 966221
[OTP MOCK] 0241234567: 741416
[OTP MOCK] +233240000000: 923413
[OTP MOCK] +233240000000: 418985
[OTP MOCK] +233240000000: 861301
[OTP MOCK] +233240000000: 670370
[OTP MOCK] +233200000999: 436756
[OTP MOCK] +233240000000: 713902
[OTP MOCK] +233240000000: 445606
[OTP MOCK] +233240000000: 993466
[OTP MOCK] +233240000000: 320811
[OTP MOCK] +233240000000: 793902
[OTP MOCK] +233240000001: 499090
[OTP MOCK] +233240000000: 337256
[OTP MOCK] +233240000001: 807666
[OTP MOCK] +233240000000: 304161
[OTP MOCK] +233240000000: 294573
[OTP MOCK] +233240000001: 660530
[OTP MOCK] +233240000000: 238016
[OTP MOCK] +233240000000: 934206
[OTP MOCK] +233240000000: 312592
[OTP MOCK] +233240000000: 585862
[OTP MOCK] +233240000000: 796020
[OTP MOCK] +233200000999: 269468
[OTP MOCK] +233240000000: 639196
[OTP MOCK] +233240000000: 402600
[OTP MOCK] +233240000000: 761490
[OTP MOCK] +233240000001: 899408
[OTP MOCK] +233550001234: 266488
